// Jest Snapshot v1, https://goo.gl/fbAQLP

exports[`Test estimated forecast should returm a forecast with subscription: snapshot2 1`] = `
Estimate {
  "apiRateLimit": 60,
  "apiTimezone": "Europe/Amsterdam",
  "watts": {
    "2024-04-27T06:18:15+02:00": 0,
    "2024-04-27T06:30:00+02:00": 47,
    "2024-04-27T07:00:00+02:00": 92,
    "2024-04-27T07:30:00+02:00": 153,
    "2024-04-27T08:00:00+02:00": 215,
    "2024-04-27T08:30:00+02:00": 279,
    "2024-04-27T09:00:00+02:00": 342,
    "2024-04-27T09:30:00+02:00": 402,
    "2024-04-27T10:00:00+02:00": 457,
    "2024-04-27T10:30:00+02:00": 501,
    "2024-04-27T11:00:00+02:00": 545,
    "2024-04-27T11:30:00+02:00": 587,
    "2024-04-27T12:00:00+02:00": 616,
    "2024-04-27T12:30:00+02:00": 625,
    "2024-04-27T13:00:00+02:00": 635,
    "2024-04-27T13:30:00+02:00": 639,
    "2024-04-27T14:00:00+02:00": 635,
    "2024-04-27T14:30:00+02:00": 619,
    "2024-04-27T15:00:00+02:00": 600,
    "2024-04-27T15:30:00+02:00": 570,
    "2024-04-27T16:00:00+02:00": 536,
    "2024-04-27T16:30:00+02:00": 500,
    "2024-04-27T17:00:00+02:00": 458,
    "2024-04-27T17:30:00+02:00": 403,
    "2024-04-27T18:00:00+02:00": 344,
    "2024-04-27T18:30:00+02:00": 281,
    "2024-04-27T19:00:00+02:00": 215,
    "2024-04-27T19:30:00+02:00": 147,
    "2024-04-27T20:00:00+02:00": 85,
    "2024-04-27T20:30:00+02:00": 42,
    "2024-04-27T21:00:00+02:00": 18,
    "2024-04-27T21:01:07+02:00": 0,
    "2024-04-28T06:16:16+02:00": 0,
    "2024-04-28T06:30:00+02:00": 45,
    "2024-04-28T07:00:00+02:00": 88,
    "2024-04-28T07:30:00+02:00": 147,
    "2024-04-28T08:00:00+02:00": 208,
    "2024-04-28T08:30:00+02:00": 270,
    "2024-04-28T09:00:00+02:00": 332,
    "2024-04-28T09:30:00+02:00": 396,
    "2024-04-28T10:00:00+02:00": 487,
    "2024-04-28T10:30:00+02:00": 636,
    "2024-04-28T11:00:00+02:00": 778,
    "2024-04-28T11:30:00+02:00": 822,
    "2024-04-28T12:00:00+02:00": 801,
    "2024-04-28T12:30:00+02:00": 751,
    "2024-04-28T13:00:00+02:00": 746,
    "2024-04-28T13:30:00+02:00": 787,
    "2024-04-28T14:00:00+02:00": 837,
    "2024-04-28T14:30:00+02:00": 865,
    "2024-04-28T15:00:00+02:00": 855,
    "2024-04-28T15:30:00+02:00": 804,
    "2024-04-28T16:00:00+02:00": 765,
    "2024-04-28T16:30:00+02:00": 739,
    "2024-04-28T17:00:00+02:00": 687,
    "2024-04-28T17:30:00+02:00": 594,
    "2024-04-28T18:00:00+02:00": 500,
    "2024-04-28T18:30:00+02:00": 408,
    "2024-04-28T19:00:00+02:00": 309,
    "2024-04-28T19:30:00+02:00": 201,
    "2024-04-28T20:00:00+02:00": 103,
    "2024-04-28T20:30:00+02:00": 47,
    "2024-04-28T21:00:00+02:00": 19,
    "2024-04-28T21:02:49+02:00": 0,
    "2024-04-29T06:14:18+02:00": 0,
    "2024-04-29T06:30:00+02:00": 41,
    "2024-04-29T07:00:00+02:00": 93,
    "2024-04-29T07:30:00+02:00": 184,
    "2024-04-29T08:00:00+02:00": 291,
    "2024-04-29T08:30:00+02:00": 426,
    "2024-04-29T09:00:00+02:00": 569,
    "2024-04-29T09:30:00+02:00": 695,
    "2024-04-29T10:00:00+02:00": 735,
    "2024-04-29T10:30:00+02:00": 691,
    "2024-04-29T11:00:00+02:00": 707,
    "2024-04-29T11:30:00+02:00": 815,
    "2024-04-29T12:00:00+02:00": 910,
    "2024-04-29T12:30:00+02:00": 935,
    "2024-04-29T13:00:00+02:00": 919,
    "2024-04-29T13:30:00+02:00": 854,
    "2024-04-29T14:00:00+02:00": 768,
    "2024-04-29T14:30:00+02:00": 683,
    "2024-04-29T15:00:00+02:00": 628,
    "2024-04-29T15:30:00+02:00": 585,
    "2024-04-29T16:00:00+02:00": 544,
    "2024-04-29T16:30:00+02:00": 499,
    "2024-04-29T17:00:00+02:00": 452,
    "2024-04-29T17:30:00+02:00": 398,
    "2024-04-29T18:00:00+02:00": 339,
    "2024-04-29T18:30:00+02:00": 275,
    "2024-04-29T19:00:00+02:00": 208,
    "2024-04-29T19:30:00+02:00": 140,
    "2024-04-29T20:00:00+02:00": 79,
    "2024-04-29T20:30:00+02:00": 39,
    "2024-04-29T21:00:00+02:00": 16,
    "2024-04-29T21:04:31+02:00": 0,
    "2024-04-30T06:12:21+02:00": 0,
    "2024-04-30T06:30:00+02:00": 41,
    "2024-04-30T07:00:00+02:00": 82,
    "2024-04-30T07:30:00+02:00": 141,
    "2024-04-30T08:00:00+02:00": 203,
    "2024-04-30T08:30:00+02:00": 266,
    "2024-04-30T09:00:00+02:00": 329,
    "2024-04-30T09:30:00+02:00": 390,
    "2024-04-30T10:00:00+02:00": 445,
    "2024-04-30T10:30:00+02:00": 490,
    "2024-04-30T11:00:00+02:00": 531,
    "2024-04-30T11:30:00+02:00": 566,
    "2024-04-30T12:00:00+02:00": 594,
    "2024-04-30T12:30:00+02:00": 611,
    "2024-04-30T13:00:00+02:00": 623,
    "2024-04-30T13:30:00+02:00": 625,
    "2024-04-30T14:00:00+02:00": 623,
    "2024-04-30T14:30:00+02:00": 615,
    "2024-04-30T15:00:00+02:00": 599,
    "2024-04-30T15:30:00+02:00": 570,
    "2024-04-30T16:00:00+02:00": 535,
    "2024-04-30T16:30:00+02:00": 496,
    "2024-04-30T17:00:00+02:00": 452,
    "2024-04-30T17:30:00+02:00": 401,
    "2024-04-30T18:00:00+02:00": 343,
    "2024-04-30T18:30:00+02:00": 278,
    "2024-04-30T19:00:00+02:00": 209,
    "2024-04-30T19:30:00+02:00": 138,
    "2024-04-30T20:00:00+02:00": 76,
    "2024-04-30T20:30:00+02:00": 37,
    "2024-04-30T21:00:00+02:00": 15,
    "2024-04-30T21:06:12+02:00": 0,
  },
  "whDays": {
    "2024-04-27": 5788,
    "2024-04-28": 7507,
    "2024-04-29": 7256,
    "2024-04-30": 5657,
  },
  "whPeriod": {
    "2024-04-27T06:18:15+02:00": 0,
    "2024-04-27T06:30:00+02:00": 5,
    "2024-04-27T07:00:00+02:00": 35,
    "2024-04-27T07:30:00+02:00": 61,
    "2024-04-27T08:00:00+02:00": 92,
    "2024-04-27T08:30:00+02:00": 124,
    "2024-04-27T09:00:00+02:00": 155,
    "2024-04-27T09:30:00+02:00": 186,
    "2024-04-27T10:00:00+02:00": 215,
    "2024-04-27T10:30:00+02:00": 240,
    "2024-04-27T11:00:00+02:00": 262,
    "2024-04-27T11:30:00+02:00": 283,
    "2024-04-27T12:00:00+02:00": 301,
    "2024-04-27T12:30:00+02:00": 310,
    "2024-04-27T13:00:00+02:00": 315,
    "2024-04-27T13:30:00+02:00": 319,
    "2024-04-27T14:00:00+02:00": 319,
    "2024-04-27T14:30:00+02:00": 314,
    "2024-04-27T15:00:00+02:00": 305,
    "2024-04-27T15:30:00+02:00": 293,
    "2024-04-27T16:00:00+02:00": 277,
    "2024-04-27T16:30:00+02:00": 259,
    "2024-04-27T17:00:00+02:00": 240,
    "2024-04-27T17:30:00+02:00": 215,
    "2024-04-27T18:00:00+02:00": 187,
    "2024-04-27T18:30:00+02:00": 156,
    "2024-04-27T19:00:00+02:00": 124,
    "2024-04-27T19:30:00+02:00": 91,
    "2024-04-27T20:00:00+02:00": 58,
    "2024-04-27T20:30:00+02:00": 32,
    "2024-04-27T21:00:00+02:00": 15,
    "2024-04-27T21:01:07+02:00": 0,
    "2024-04-28T06:16:16+02:00": 0,
    "2024-04-28T06:30:00+02:00": 5,
    "2024-04-28T07:00:00+02:00": 33,
    "2024-04-28T07:30:00+02:00": 59,
    "2024-04-28T08:00:00+02:00": 89,
    "2024-04-28T08:30:00+02:00": 120,
    "2024-04-28T09:00:00+02:00": 151,
    "2024-04-28T09:30:00+02:00": 182,
    "2024-04-28T10:00:00+02:00": 221,
    "2024-04-28T10:30:00+02:00": 281,
    "2024-04-28T11:00:00+02:00": 354,
    "2024-04-28T11:30:00+02:00": 400,
    "2024-04-28T12:00:00+02:00": 406,
    "2024-04-28T12:30:00+02:00": 388,
    "2024-04-28T13:00:00+02:00": 374,
    "2024-04-28T13:30:00+02:00": 383,
    "2024-04-28T14:00:00+02:00": 406,
    "2024-04-28T14:30:00+02:00": 426,
    "2024-04-28T15:00:00+02:00": 430,
    "2024-04-28T15:30:00+02:00": 415,
    "2024-04-28T16:00:00+02:00": 392,
    "2024-04-28T16:30:00+02:00": 376,
    "2024-04-28T17:00:00+02:00": 357,
    "2024-04-28T17:30:00+02:00": 320,
    "2024-04-28T18:00:00+02:00": 274,
    "2024-04-28T18:30:00+02:00": 227,
    "2024-04-28T19:00:00+02:00": 179,
    "2024-04-28T19:30:00+02:00": 128,
    "2024-04-28T20:00:00+02:00": 76,
    "2024-04-28T20:30:00+02:00": 38,
    "2024-04-28T21:00:00+02:00": 17,
    "2024-04-28T21:02:49+02:00": 0,
    "2024-04-29T06:14:18+02:00": 0,
    "2024-04-29T06:30:00+02:00": 5,
    "2024-04-29T07:00:00+02:00": 34,
    "2024-04-29T07:30:00+02:00": 69,
    "2024-04-29T08:00:00+02:00": 119,
    "2024-04-29T08:30:00+02:00": 179,
    "2024-04-29T09:00:00+02:00": 249,
    "2024-04-29T09:30:00+02:00": 316,
    "2024-04-29T10:00:00+02:00": 358,
    "2024-04-29T10:30:00+02:00": 357,
    "2024-04-29T11:00:00+02:00": 350,
    "2024-04-29T11:30:00+02:00": 381,
    "2024-04-29T12:00:00+02:00": 431,
    "2024-04-29T12:30:00+02:00": 461,
    "2024-04-29T13:00:00+02:00": 464,
    "2024-04-29T13:30:00+02:00": 443,
    "2024-04-29T14:00:00+02:00": 406,
    "2024-04-29T14:30:00+02:00": 363,
    "2024-04-29T15:00:00+02:00": 328,
    "2024-04-29T15:30:00+02:00": 303,
    "2024-04-29T16:00:00+02:00": 282,
    "2024-04-29T16:30:00+02:00": 261,
    "2024-04-29T17:00:00+02:00": 238,
    "2024-04-29T17:30:00+02:00": 213,
    "2024-04-29T18:00:00+02:00": 184,
    "2024-04-29T18:30:00+02:00": 154,
    "2024-04-29T19:00:00+02:00": 121,
    "2024-04-29T19:30:00+02:00": 87,
    "2024-04-29T20:00:00+02:00": 55,
    "2024-04-29T20:30:00+02:00": 30,
    "2024-04-29T21:00:00+02:00": 14,
    "2024-04-29T21:04:31+02:00": 1,
    "2024-04-30T06:12:21+02:00": 0,
    "2024-04-30T06:30:00+02:00": 6,
    "2024-04-30T07:00:00+02:00": 31,
    "2024-04-30T07:30:00+02:00": 56,
    "2024-04-30T08:00:00+02:00": 86,
    "2024-04-30T08:30:00+02:00": 117,
    "2024-04-30T09:00:00+02:00": 149,
    "2024-04-30T09:30:00+02:00": 180,
    "2024-04-30T10:00:00+02:00": 209,
    "2024-04-30T10:30:00+02:00": 234,
    "2024-04-30T11:00:00+02:00": 255,
    "2024-04-30T11:30:00+02:00": 274,
    "2024-04-30T12:00:00+02:00": 290,
    "2024-04-30T12:30:00+02:00": 301,
    "2024-04-30T13:00:00+02:00": 309,
    "2024-04-30T13:30:00+02:00": 312,
    "2024-04-30T14:00:00+02:00": 312,
    "2024-04-30T14:30:00+02:00": 310,
    "2024-04-30T15:00:00+02:00": 304,
    "2024-04-30T15:30:00+02:00": 292,
    "2024-04-30T16:00:00+02:00": 276,
    "2024-04-30T16:30:00+02:00": 258,
    "2024-04-30T17:00:00+02:00": 237,
    "2024-04-30T17:30:00+02:00": 213,
    "2024-04-30T18:00:00+02:00": 186,
    "2024-04-30T18:30:00+02:00": 155,
    "2024-04-30T19:00:00+02:00": 122,
    "2024-04-30T19:30:00+02:00": 87,
    "2024-04-30T20:00:00+02:00": 54,
    "2024-04-30T20:30:00+02:00": 28,
    "2024-04-30T21:00:00+02:00": 13,
    "2024-04-30T21:06:12+02:00": 1,
  },
}
`;

exports[`Test estimated forecast should return a forecast: snapshot1 1`] = `
Estimate {
  "apiRateLimit": 12,
  "apiTimezone": "Europe/Vienna",
  "watts": {
    "2024-06-11T04:53:46+02:00": 0,
    "2024-06-11T05:15:00+02:00": 18,
    "2024-06-11T06:00:00+02:00": 62,
    "2024-06-11T07:00:00+02:00": 120,
    "2024-06-11T08:00:00+02:00": 168,
    "2024-06-11T09:00:00+02:00": 229,
    "2024-06-11T10:00:00+02:00": 225,
    "2024-06-11T11:00:00+02:00": 250,
    "2024-06-11T12:00:00+02:00": 289,
    "2024-06-11T13:00:00+02:00": 335,
    "2024-06-11T14:00:00+02:00": 343,
    "2024-06-11T15:00:00+02:00": 311,
    "2024-06-11T16:00:00+02:00": 253,
    "2024-06-11T17:00:00+02:00": 182,
    "2024-06-11T18:00:00+02:00": 119,
    "2024-06-11T19:00:00+02:00": 68,
    "2024-06-11T20:00:00+02:00": 33,
    "2024-06-11T20:54:51+02:00": 0,
    "2024-06-12T04:53:36+02:00": 0,
    "2024-06-12T05:15:00+02:00": 18,
    "2024-06-12T06:00:00+02:00": 53,
    "2024-06-12T07:00:00+02:00": 101,
    "2024-06-12T08:00:00+02:00": 148,
    "2024-06-12T09:00:00+02:00": 190,
    "2024-06-12T10:00:00+02:00": 223,
    "2024-06-12T11:00:00+02:00": 250,
    "2024-06-12T12:00:00+02:00": 268,
    "2024-06-12T13:00:00+02:00": 276,
    "2024-06-12T14:00:00+02:00": 264,
    "2024-06-12T15:00:00+02:00": 238,
    "2024-06-12T16:00:00+02:00": 204,
    "2024-06-12T17:00:00+02:00": 164,
    "2024-06-12T18:00:00+02:00": 118,
    "2024-06-12T19:00:00+02:00": 68,
    "2024-06-12T20:00:00+02:00": 33,
    "2024-06-12T20:55:26+02:00": 0,
  },
  "whDays": {
    "2024-06-11": 2991,
    "2024-06-12": 2602,
  },
  "whPeriod": {
    "2024-06-11T04:53:46+02:00": 0,
    "2024-06-11T05:15:00+02:00": 3,
    "2024-06-11T06:00:00+02:00": 30,
    "2024-06-11T07:00:00+02:00": 91,
    "2024-06-11T08:00:00+02:00": 144,
    "2024-06-11T09:00:00+02:00": 199,
    "2024-06-11T10:00:00+02:00": 227,
    "2024-06-11T11:00:00+02:00": 238,
    "2024-06-11T12:00:00+02:00": 270,
    "2024-06-11T13:00:00+02:00": 312,
    "2024-06-11T14:00:00+02:00": 339,
    "2024-06-11T15:00:00+02:00": 327,
    "2024-06-11T16:00:00+02:00": 282,
    "2024-06-11T17:00:00+02:00": 218,
    "2024-06-11T18:00:00+02:00": 151,
    "2024-06-11T19:00:00+02:00": 94,
    "2024-06-11T20:00:00+02:00": 51,
    "2024-06-11T20:54:51+02:00": 15,
    "2024-06-12T04:53:36+02:00": 0,
    "2024-06-12T05:15:00+02:00": 3,
    "2024-06-12T06:00:00+02:00": 27,
    "2024-06-12T07:00:00+02:00": 77,
    "2024-06-12T08:00:00+02:00": 125,
    "2024-06-12T09:00:00+02:00": 169,
    "2024-06-12T10:00:00+02:00": 207,
    "2024-06-12T11:00:00+02:00": 237,
    "2024-06-12T12:00:00+02:00": 259,
    "2024-06-12T13:00:00+02:00": 272,
    "2024-06-12T14:00:00+02:00": 270,
    "2024-06-12T15:00:00+02:00": 251,
    "2024-06-12T16:00:00+02:00": 221,
    "2024-06-12T17:00:00+02:00": 184,
    "2024-06-12T18:00:00+02:00": 141,
    "2024-06-12T19:00:00+02:00": 93,
    "2024-06-12T20:00:00+02:00": 51,
    "2024-06-12T20:55:26+02:00": 15,
  },
}
`;
